2026-09-22 12:31:07,739 | INFO     | modules.db | Database initialized at C:\Users\DELL\Downloads\VERIDEXA_3D_v2\VERIDEXA\veridexa.db
2026-09-22 12:31:34,546 | INFO     | modules.db | Database initialized at C:\Users\DELL\Downloads\VERIDEXA_3D_v2\VERIDEXA\veridexa.db
2026-09-22 12:31:36,359 | INFO     | modules.db | Database initialized at C:\Users\DELL\Downloads\VERIDEXA_3D_v2\VERIDEXA\veridexa.db
2026-09-22 12:31:36,507 | INFO     | modules.db | Database initialized at C:\Users\DELL\Downloads\VERIDEXA_3D_v2\VERIDEXA\veridexa.db
2026-09-22 12:32:08,508 | INFO     | modules.db | Database initialized at C:\Users\DELL\Downloads\VERIDEXA_3D_v2\VERIDEXA\veridexa.db
2026-09-22 12:32:12,014 | INFO     | modules.db | Database initialized at C:\Users\DELL\Downloads\VERIDEXA_3D_v2\VERIDEXA\veridexa.db
2026-09-22 12:32:21,356 | INFO     | modules.db | Database initialized at C:\Users\DELL\Downloads\VERIDEXA_3D_v2\VERIDEXA\veridexa.db
2026-09-22 12:32:22,688 | INFO     | modules.db | Database initialized at C:\Users\DELL\Downloads\VERIDEXA_3D_v2\VERIDEXA\veridexa.db
2026-09-22 12:32:26,877 | INFO     | modules.db | Database initialized at C:\Users\DELL\Downloads\VERIDEXA_3D_v2\VERIDEXA\veridexa.db
2026-09-22 12:32:28,118 | INFO     | modules.db | Database initialized at C:\Users\DELL\Downloads\VERIDEXA_3D_v2\VERIDEXA\veridexa.db
2026-09-22 12:32:37,317 | INFO     | modules.db | Database initialized at C:\Users\DELL\Downloads\VERIDEXA_3D_v2\VERIDEXA\veridexa.db
2026-09-22 12:32:45,360 | INFO     | modules.db | Database initialized at C:\Users\DELL\Downloads\VERIDEXA_3D_v2\VERIDEXA\veridexa.db
2026-09-22 12:32:45,614 | INFO     | modules.auth | New user signed up: Mk1234
2026-09-22 12:32:45,741 | INFO     | modules.db | Database initialized at C:\Users\DELL\Downloads\VERIDEXA_3D_v2\VERIDEXA\veridexa.db
2026-09-22 12:32:47,302 | INFO     | modules.db | Database initialized at C:\Users\DELL\Downloads\VERIDEXA_3D_v2\VERIDEXA\veridexa.db
2026-09-22 12:32:47,445 | INFO     | modules.db | Database initialized at C:\Users\DELL\Downloads\VERIDEXA_3D_v2\VERIDEXA\veridexa.db
2026-09-22 12:32:50,108 | INFO     | modules.db | Database initialized at C:\Users\DELL\Downloads\VERIDEXA_3D_v2\VERIDEXA\veridexa.db
2026-09-22 12:32:57,250 | INFO     | modules.db | Database initialized at C:\Users\DELL\Downloads\VERIDEXA_3D_v2\VERIDEXA\veridexa.db
2026-09-22 12:33:03,446 | INFO     | modules.db | Database initialized at C:\Users\DELL\Downloads\VERIDEXA_3D_v2\VERIDEXA\veridexa.db
2026-09-22 12:33:07,716 | INFO     | modules.db | Database initialized at C:\Users\DELL\Downloads\VERIDEXA_3D_v2\VERIDEXA\veridexa.db
2026-09-22 12:33:09,091 | INFO     | modules.data_loader | Loaded file Superstore-Sales-Time-Intelligence-Analysis-Country-Slicer-FIXED.xlsx: 9994 rows x 20 cols
2026-09-22 12:33:12,408 | INFO     | modules.data_loader | Loaded file Superstore-Sales-Time-Intelligence-Analysis-Country-Slicer-FIXED.xlsx: 9994 rows x 20 cols
2026-09-22 12:33:23,485 | INFO     | modules.db | Database initialized at C:\Users\DELL\Downloads\VERIDEXA_3D_v2\VERIDEXA\veridexa.db
2026-09-22 12:33:31,215 | INFO     | modules.db | Database initialized at C:\Users\DELL\Downloads\VERIDEXA_3D_v2\VERIDEXA\veridexa.db
2026-09-22 12:33:36,720 | INFO     | modules.db | Database initialized at C:\Users\DELL\Downloads\VERIDEXA_3D_v2\VERIDEXA\veridexa.db
2026-09-22 12:33:57,540 | INFO     | modules.db | Database initialized at C:\Users\DELL\Downloads\VERIDEXA_3D_v2\VERIDEXA\veridexa.db
2026-09-22 12:34:01,567 | INFO     | modules.db | Database initialized at C:\Users\DELL\Downloads\VERIDEXA_3D_v2\VERIDEXA\veridexa.db
2026-09-22 12:34:10,875 | INFO     | modules.db | Database initialized at C:\Users\DELL\Downloads\VERIDEXA_3D_v2\VERIDEXA\veridexa.db
2026-09-22 12:34:13,027 | INFO     | modules.db | Database initialized at C:\Users\DELL\Downloads\VERIDEXA_3D_v2\VERIDEXA\veridexa.db
2026-09-22 12:34:15,745 | INFO     | modules.db | Database initialized at C:\Users\DELL\Downloads\VERIDEXA_3D_v2\VERIDEXA\veridexa.db
2026-09-22 12:34:16,995 | INFO     | modules.db | Database initialized at C:\Users\DELL\Downloads\VERIDEXA_3D_v2\VERIDEXA\veridexa.db
2026-09-22 12:34:18,693 | INFO     | modules.db | Database initialized at C:\Users\DELL\Downloads\VERIDEXA_3D_v2\VERIDEXA\veridexa.db
2026-09-22 12:34:22,295 | INFO     | modules.db | Database initialized at C:\Users\DELL\Downloads\VERIDEXA_3D_v2\VERIDEXA\veridexa.db
2026-09-22 12:34:24,661 | INFO     | modules.db | Database initialized at C:\Users\DELL\Downloads\VERIDEXA_3D_v2\VERIDEXA\veridexa.db
2026-09-22 12:34:26,577 | INFO     | modules.db | Database initialized at C:\Users\DELL\Downloads\VERIDEXA_3D_v2\VERIDEXA\veridexa.db
2026-09-22 12:34:31,887 | INFO     | modules.db | Database initialized at C:\Users\DELL\Downloads\VERIDEXA_3D_v2\VERIDEXA\veridexa.db
2026-09-22 12:34:33,640 | INFO     | modules.db | Database initialized at C:\Users\DELL\Downloads\VERIDEXA_3D_v2\VERIDEXA\veridexa.db
2026-09-22 12:34:36,617 | INFO     | modules.db | Database initialized at C:\Users\DELL\Downloads\VERIDEXA_3D_v2\VERIDEXA\veridexa.db
2026-09-22 12:34:37,949 | INFO     | modules.db | Database initialized at C:\Users\DELL\Downloads\VERIDEXA_3D_v2\VERIDEXA\veridexa.db
2026-09-22 12:34:40,280 | INFO     | modules.db | Database initialized at C:\Users\DELL\Downloads\VERIDEXA_3D_v2\VERIDEXA\veridexa.db
2026-09-22 12:34:41,944 | INFO     | modules.db | Database initialized at C:\Users\DELL\Downloads\VERIDEXA_3D_v2\VERIDEXA\veridexa.db
2026-09-22 12:34:51,669 | INFO     | modules.db | Database initialized at C:\Users\DELL\Downloads\VERIDEXA_3D_v2\VERIDEXA\veridexa.db
2026-09-22 12:35:05,126 | INFO     | modules.db | Database initialized at C:\Users\DELL\Downloads\VERIDEXA_3D_v2\VERIDEXA\veridexa.db
2026-09-22 12:35:10,520 | INFO     | modules.db | Database initialized at C:\Users\DELL\Downloads\VERIDEXA_3D_v2\VERIDEXA\veridexa.db
2026-09-22 12:35:10,715 | INFO     | modules.db | Database initialized at C:\Users\DELL\Downloads\VERIDEXA_3D_v2\VERIDEXA\veridexa.db
2026-10-03 12:28:52,854 | INFO     | modules.db | Database initialized at C:\Users\DELL\Downloads\VERIDEXA_3D_v2\VERIDEXA\veridexa.db
2026-10-04 19:00:47,607 | INFO     | modules.db | Database initialized at C:\Users\DELL\Downloads\VERIDEXA_3D_v2\VERIDEXA\veridexa.db
2026-10-04 19:01:43,681 | INFO     | modules.db | Database initialized at C:\Users\DELL\Downloads\VERIDEXA_3D_v2\VERIDEXA\veridexa.db
2026-10-04 19:02:04,474 | INFO     | modules.db | Database initialized at C:\Users\DELL\Downloads\VERIDEXA_3D_v2\VERIDEXA\veridexa.db
2026-10-04 19:02:06,316 | INFO     | modules.db | Database initialized at C:\Users\DELL\Downloads\VERIDEXA_3D_v2\VERIDEXA\veridexa.db
2026-10-04 19:02:06,497 | INFO     | modules.db | Database initialized at C:\Users\DELL\Downloads\VERIDEXA_3D_v2\VERIDEXA\veridexa.db
2026-10-04 19:02:48,467 | INFO     | modules.db | Database initialized at C:\Users\DELL\Downloads\VERIDEXA_3D_v2\VERIDEXA\veridexa.db
2026-10-04 19:03:10,589 | INFO     | modules.db | Database initialized at C:\Users\DELL\Downloads\VERIDEXA_3D_v2\VERIDEXA\veridexa.db
2026-10-04 19:03:11,774 | INFO     | modules.db | Database initialized at C:\Users\DELL\Downloads\VERIDEXA_3D_v2\VERIDEXA\veridexa.db
2026-10-04 19:03:16,335 | INFO     | modules.db | Database initialized at C:\Users\DELL\Downloads\VERIDEXA_3D_v2\VERIDEXA\veridexa.db
2026-10-04 19:03:38,043 | INFO     | modules.db | Database initialized at C:\Users\DELL\Downloads\VERIDEXA_3D_v2\VERIDEXA\veridexa.db
2026-10-04 19:03:39,616 | INFO     | modules.db | Database initialized at C:\Users\DELL\Downloads\VERIDEXA_3D_v2\VERIDEXA\veridexa.db
2026-10-04 19:03:56,713 | INFO     | modules.db | Database initialized at C:\Users\DELL\Downloads\VERIDEXA_3D_v2\VERIDEXA\veridexa.db
2026-10-04 19:03:56,980 | INFO     | modules.auth | New user signed up: Neha_2004
2026-10-04 19:03:57,104 | INFO     | modules.db | Database initialized at C:\Users\DELL\Downloads\VERIDEXA_3D_v2\VERIDEXA\veridexa.db
2026-10-04 19:04:12,495 | INFO     | modules.db | Database initialized at C:\Users\DELL\Downloads\VERIDEXA_3D_v2\VERIDEXA\veridexa.db
2026-10-04 19:04:12,679 | INFO     | modules.db | Database initialized at C:\Users\DELL\Downloads\VERIDEXA_3D_v2\VERIDEXA\veridexa.db
2026-10-04 19:04:16,192 | INFO     | modules.db | Database initialized at C:\Users\DELL\Downloads\VERIDEXA_3D_v2\VERIDEXA\veridexa.db
2026-10-04 19:04:38,975 | INFO     | modules.db | Database initialized at C:\Users\DELL\Downloads\VERIDEXA_3D_v2\VERIDEXA\veridexa.db
2026-10-04 19:04:40,544 | INFO     | modules.db | Database initialized at C:\Users\DELL\Downloads\VERIDEXA_3D_v2\VERIDEXA\veridexa.db
2026-10-04 19:04:40,664 | INFO     | modules.data_loader | Loaded file blinkit_customers.csv: 2500 rows x 11 cols
2026-10-04 19:05:02,687 | INFO     | modules.db | Database initialized at C:\Users\DELL\Downloads\VERIDEXA_3D_v2\VERIDEXA\veridexa.db
2026-10-04 19:05:02,959 | INFO     | modules.db | Database initialized at C:\Users\DELL\Downloads\VERIDEXA_3D_v2\VERIDEXA\veridexa.db
2026-10-04 19:05:13,869 | INFO     | modules.db | Database initialized at C:\Users\DELL\Downloads\VERIDEXA_3D_v2\VERIDEXA\veridexa.db
2026-10-04 19:05:14,173 | INFO     | modules.db | Database initialized at C:\Users\DELL\Downloads\VERIDEXA_3D_v2\VERIDEXA\veridexa.db
2026-10-04 19:06:24,132 | INFO     | modules.db | Database initialized at C:\Users\DELL\Downloads\VERIDEXA_3D_v2\VERIDEXA\veridexa.db
2026-10-04 19:07:51,944 | INFO     | modules.db | Database initialized at C:\Users\DELL\Downloads\VERIDEXA_3D_v2\VERIDEXA\veridexa.db
2026-10-04 19:08:03,997 | INFO     | modules.db | Database initialized at C:\Users\DELL\Downloads\VERIDEXA_3D_v2\VERIDEXA\veridexa.db
2026-10-04 19:08:04,277 | INFO     | modules.auth | User logged in: Neha_2004
2026-10-04 19:08:04,416 | INFO     | modules.db | Database initialized at C:\Users\DELL\Downloads\VERIDEXA_3D_v2\VERIDEXA\veridexa.db
2026-10-04 19:08:06,795 | INFO     | modules.db | Database initialized at C:\Users\DELL\Downloads\VERIDEXA_3D_v2\VERIDEXA\veridexa.db
2026-10-04 19:08:06,966 | INFO     | modules.db | Database initialized at C:\Users\DELL\Downloads\VERIDEXA_3D_v2\VERIDEXA\veridexa.db
2026-10-04 19:08:12,177 | INFO     | modules.db | Database initialized at C:\Users\DELL\Downloads\VERIDEXA_3D_v2\VERIDEXA\veridexa.db
2026-10-04 19:08:13,436 | INFO     | modules.db | Database initialized at C:\Users\DELL\Downloads\VERIDEXA_3D_v2\VERIDEXA\veridexa.db
2026-10-04 19:08:13,517 | INFO     | modules.data_loader | Loaded file blinkit_order_items.csv: 5000 rows x 4 cols
2026-10-04 19:09:09,308 | INFO     | modules.db | Database initialized at C:\Users\DELL\Downloads\VERIDEXA_3D_v2\VERIDEXA\veridexa.db
2026-10-04 19:09:19,677 | INFO     | modules.db | Database initialized at C:\Users\DELL\Downloads\VERIDEXA_3D_v2\VERIDEXA\veridexa.db
2026-10-04 19:09:20,029 | INFO     | modules.auth | User logged in: Neha_2004
2026-10-04 19:09:20,355 | INFO     | modules.db | Database initialized at C:\Users\DELL\Downloads\VERIDEXA_3D_v2\VERIDEXA\veridexa.db
2026-10-04 19:09:21,939 | INFO     | modules.db | Database initialized at C:\Users\DELL\Downloads\VERIDEXA_3D_v2\VERIDEXA\veridexa.db
2026-10-04 19:09:22,104 | INFO     | modules.db | Database initialized at C:\Users\DELL\Downloads\VERIDEXA_3D_v2\VERIDEXA\veridexa.db
2026-10-04 19:09:27,614 | INFO     | modules.db | Database initialized at C:\Users\DELL\Downloads\VERIDEXA_3D_v2\VERIDEXA\veridexa.db
2026-10-04 19:09:29,049 | INFO     | modules.db | Database initialized at C:\Users\DELL\Downloads\VERIDEXA_3D_v2\VERIDEXA\veridexa.db
2026-10-04 19:09:29,131 | INFO     | modules.data_loader | Loaded file blinkit_order_items.csv: 5000 rows x 4 cols
2026-10-04 19:11:58,362 | INFO     | modules.db | Database initialized at C:\Users\DELL\Downloads\VERIDEXA_3D_v2\VERIDEXA\veridexa.db
2026-10-04 19:12:06,113 | INFO     | modules.db | Database initialized at C:\Users\DELL\Downloads\VERIDEXA_3D_v2\VERIDEXA\veridexa.db
2026-10-04 19:12:06,334 | INFO     | modules.db | Database initialized at C:\Users\DELL\Downloads\VERIDEXA_3D_v2\VERIDEXA\veridexa.db
2026-10-04 19:12:21,923 | INFO     | modules.db | Database initialized at C:\Users\DELL\Downloads\VERIDEXA_3D_v2\VERIDEXA\veridexa.db
2026-10-04 19:12:23,904 | INFO     | modules.db | Database initialized at C:\Users\DELL\Downloads\VERIDEXA_3D_v2\VERIDEXA\veridexa.db
2026-10-04 19:12:24,124 | INFO     | modules.db | Database initialized at C:\Users\DELL\Downloads\VERIDEXA_3D_v2\VERIDEXA\veridexa.db
2026-10-04 19:12:42,910 | INFO     | modules.db | Database initialized at C:\Users\DELL\Downloads\VERIDEXA_3D_v2\VERIDEXA\veridexa.db
2026-10-04 19:12:44,348 | INFO     | modules.db | Database initialized at C:\Users\DELL\Downloads\VERIDEXA_3D_v2\VERIDEXA\veridexa.db
2026-10-04 19:12:46,589 | INFO     | modules.db | Database initialized at C:\Users\DELL\Downloads\VERIDEXA_3D_v2\VERIDEXA\veridexa.db
2026-10-04 19:12:55,961 | INFO     | modules.db | Database initialized at C:\Users\DELL\Downloads\VERIDEXA_3D_v2\VERIDEXA\veridexa.db
2026-10-04 19:12:58,062 | INFO     | modules.db | Database initialized at C:\Users\DELL\Downloads\VERIDEXA_3D_v2\VERIDEXA\veridexa.db
2026-10-04 19:14:49,218 | INFO     | modules.db | Database initialized at C:\Users\DELL\Downloads\VERIDEXA_3D_v2\VERIDEXA\veridexa.db
2026-10-04 19:15:03,415 | INFO     | modules.db | Database initialized at C:\Users\DELL\Downloads\VERIDEXA_3D_v2\VERIDEXA\veridexa.db
2026-10-04 19:15:16,285 | INFO     | modules.db | Database initialized at C:\Users\DELL\Downloads\VERIDEXA_3D_v2\VERIDEXA\veridexa.db
2026-10-04 19:16:54,099 | INFO     | modules.db | Database initialized at C:\Users\DELL\Downloads\VERIDEXA_3D_v2\VERIDEXA\veridexa.db
2026-10-04 19:16:56,943 | INFO     | modules.db | Database initialized at C:\Users\DELL\Downloads\VERIDEXA_3D_v2\VERIDEXA\veridexa.db
2026-10-04 19:19:04,806 | INFO     | modules.db | Database initialized at C:\Users\DELL\Downloads\VERIDEXA_3D_v2\VERIDEXA\veridexa.db
2026-10-04 19:19:17,553 | INFO     | modules.db | Database initialized at C:\Users\DELL\Downloads\VERIDEXA_3D_v2\VERIDEXA\veridexa.db
2026-10-04 19:19:19,459 | INFO     | modules.db | Database initialized at C:\Users\DELL\Downloads\VERIDEXA_3D_v2\VERIDEXA\veridexa.db
2026-10-04 19:19:39,517 | INFO     | modules.db | Database initialized at C:\Users\DELL\Downloads\VERIDEXA_3D_v2\VERIDEXA\veridexa.db
2026-10-04 19:19:47,503 | INFO     | modules.db | Database initialized at C:\Users\DELL\Downloads\VERIDEXA_3D_v2\VERIDEXA\veridexa.db
2026-10-04 19:19:49,036 | INFO     | modules.db | Database initialized at C:\Users\DELL\Downloads\VERIDEXA_3D_v2\VERIDEXA\veridexa.db
2026-10-04 19:19:58,358 | INFO     | modules.db | Database initialized at C:\Users\DELL\Downloads\VERIDEXA_3D_v2\VERIDEXA\veridexa.db
2026-10-04 19:20:04,691 | INFO     | modules.db | Database initialized at C:\Users\DELL\Downloads\VERIDEXA_3D_v2\VERIDEXA\veridexa.db
2026-10-04 19:20:06,452 | INFO     | modules.db | Database initialized at C:\Users\DELL\Downloads\VERIDEXA_3D_v2\VERIDEXA\veridexa.db
2026-10-04 19:20:08,288 | INFO     | modules.db | Database initialized at C:\Users\DELL\Downloads\VERIDEXA_3D_v2\VERIDEXA\veridexa.db
2026-10-04 19:20:12,234 | INFO     | modules.db | Database initialized at C:\Users\DELL\Downloads\VERIDEXA_3D_v2\VERIDEXA\veridexa.db
2026-10-04 19:20:14,426 | INFO     | modules.db | Database initialized at C:\Users\DELL\Downloads\VERIDEXA_3D_v2\VERIDEXA\veridexa.db
2026-10-04 19:20:16,419 | INFO     | modules.db | Database initialized at C:\Users\DELL\Downloads\VERIDEXA_3D_v2\VERIDEXA\veridexa.db
2026-10-04 19:20:41,496 | INFO     | modules.db | Database initialized at C:\Users\DELL\Downloads\VERIDEXA_3D_v2\VERIDEXA\veridexa.db
2026-10-04 19:20:52,095 | INFO     | modules.db | Database initialized at C:\Users\DELL\Downloads\VERIDEXA_3D_v2\VERIDEXA\veridexa.db
2026-10-04 19:20:59,862 | INFO     | modules.db | Database initialized at C:\Users\DELL\Downloads\VERIDEXA_3D_v2\VERIDEXA\veridexa.db
2026-10-04 19:21:18,714 | INFO     | modules.db | Database initialized at C:\Users\DELL\Downloads\VERIDEXA_3D_v2\VERIDEXA\veridexa.db
2026-10-04 19:21:42,304 | INFO     | modules.db | Database initialized at C:\Users\DELL\Downloads\VERIDEXA_3D_v2\VERIDEXA\veridexa.db
2026-10-04 19:21:47,020 | INFO     | modules.db | Database initialized at C:\Users\DELL\Downloads\VERIDEXA_3D_v2\VERIDEXA\veridexa.db
2026-10-04 19:21:48,549 | INFO     | modules.db | Database initialized at C:\Users\DELL\Downloads\VERIDEXA_3D_v2\VERIDEXA\veridexa.db
2026-10-04 19:22:37,046 | INFO     | modules.db | Database initialized at C:\Users\DELL\Downloads\VERIDEXA_3D_v2\VERIDEXA\veridexa.db
2026-10-04 19:22:39,005 | INFO     | modules.db | Database initialized at C:\Users\DELL\Downloads\VERIDEXA_3D_v2\VERIDEXA\veridexa.db
2026-10-04 19:22:45,272 | INFO     | modules.db | Database initialized at C:\Users\DELL\Downloads\VERIDEXA_3D_v2\VERIDEXA\veridexa.db
2026-10-04 19:22:46,602 | INFO     | modules.db | Database initialized at C:\Users\DELL\Downloads\VERIDEXA_3D_v2\VERIDEXA\veridexa.db
2026-10-04 19:22:53,622 | INFO     | modules.db | Database initialized at C:\Users\DELL\Downloads\VERIDEXA_3D_v2\VERIDEXA\veridexa.db
2026-10-04 19:22:58,132 | INFO     | modules.db | Database initialized at C:\Users\DELL\Downloads\VERIDEXA_3D_v2\VERIDEXA\veridexa.db
2026-10-04 19:23:04,238 | INFO     | modules.db | Database initialized at C:\Users\DELL\Downloads\VERIDEXA_3D_v2\VERIDEXA\veridexa.db
2026-10-04 19:23:05,982 | INFO     | modules.db | Database initialized at C:\Users\DELL\Downloads\VERIDEXA_3D_v2\VERIDEXA\veridexa.db
2026-10-04 19:23:08,921 | INFO     | modules.db | Database initialized at C:\Users\DELL\Downloads\VERIDEXA_3D_v2\VERIDEXA\veridexa.db
2026-10-04 19:23:14,564 | INFO     | modules.db | Database initialized at C:\Users\DELL\Downloads\VERIDEXA_3D_v2\VERIDEXA\veridexa.db
2026-10-04 19:23:20,693 | INFO     | modules.db | Database initialized at C:\Users\DELL\Downloads\VERIDEXA_3D_v2\VERIDEXA\veridexa.db
2026-10-04 19:23:23,065 | INFO     | modules.db | Database initialized at C:\Users\DELL\Downloads\VERIDEXA_3D_v2\VERIDEXA\veridexa.db
2026-10-04 19:23:25,103 | INFO     | modules.db | Database initialized at C:\Users\DELL\Downloads\VERIDEXA_3D_v2\VERIDEXA\veridexa.db
2026-10-04 19:23:27,620 | INFO     | modules.db | Database initialized at C:\Users\DELL\Downloads\VERIDEXA_3D_v2\VERIDEXA\veridexa.db
2026-10-04 19:23:30,582 | INFO     | modules.db | Database initialized at C:\Users\DELL\Downloads\VERIDEXA_3D_v2\VERIDEXA\veridexa.db
2026-10-04 19:23:41,132 | INFO     | modules.db | Database initialized at C:\Users\DELL\Downloads\VERIDEXA_3D_v2\VERIDEXA\veridexa.db
2026-10-04 19:23:43,191 | INFO     | modules.db | Database initialized at C:\Users\DELL\Downloads\VERIDEXA_3D_v2\VERIDEXA\veridexa.db
2026-10-04 19:23:52,767 | INFO     | modules.db | Database initialized at C:\Users\DELL\Downloads\VERIDEXA_3D_v2\VERIDEXA\veridexa.db
2026-10-04 19:23:54,749 | INFO     | modules.db | Database initialized at C:\Users\DELL\Downloads\VERIDEXA_3D_v2\VERIDEXA\veridexa.db
2026-10-04 19:25:26,294 | INFO     | modules.db | Database initialized at C:\Users\DELL\Downloads\VERIDEXA_3D_v2\VERIDEXA\veridexa.db
2026-10-04 19:25:28,080 | INFO     | modules.db | Database initialized at C:\Users\DELL\Downloads\VERIDEXA_3D_v2\VERIDEXA\veridexa.db
2026-10-04 19:25:40,456 | INFO     | modules.db | Database initialized at C:\Users\DELL\Downloads\VERIDEXA_3D_v2\VERIDEXA\veridexa.db
2026-10-08 13:23:27,326 | INFO     | modules.db | Database initialized at C:\Users\DELL\Downloads\VERIDEXA_3D_v2\VERIDEXA\veridexa.db
2026-10-08 13:24:49,250 | INFO     | modules.db | Database initialized at C:\Users\DELL\Downloads\VERIDEXA_3D_v2\VERIDEXA\veridexa.db
2026-10-08 13:24:50,726 | INFO     | modules.db | Database initialized at C:\Users\DELL\Downloads\VERIDEXA_3D_v2\VERIDEXA\veridexa.db
2026-10-08 13:25:55,901 | INFO     | modules.db | Database initialized at C:\Users\DELL\Downloads\VERIDEXA_3D_v2\VERIDEXA\veridexa.db
2026-10-08 13:26:05,736 | INFO     | modules.db | Database initialized at C:\Users\DELL\Downloads\VERIDEXA_3D_v2\VERIDEXA\veridexa.db
2026-10-08 13:26:06,246 | INFO     | modules.auth | New user signed up: OM_123456
2026-10-08 13:26:06,473 | INFO     | modules.db | Database initialized at C:\Users\DELL\Downloads\VERIDEXA_3D_v2\VERIDEXA\veridexa.db
2026-10-08 13:26:14,345 | INFO     | modules.db | Database initialized at C:\Users\DELL\Downloads\VERIDEXA_3D_v2\VERIDEXA\veridexa.db
2026-10-08 13:26:14,827 | INFO     | modules.db | Database initialized at C:\Users\DELL\Downloads\VERIDEXA_3D_v2\VERIDEXA\veridexa.db
2026-10-08 13:26:21,212 | INFO     | modules.db | Database initialized at C:\Users\DELL\Downloads\VERIDEXA_3D_v2\VERIDEXA\veridexa.db
2026-10-08 13:26:35,633 | INFO     | modules.db | Database initialized at C:\Users\DELL\Downloads\VERIDEXA_3D_v2\VERIDEXA\veridexa.db
2026-10-08 13:26:37,043 | INFO     | modules.db | Database initialized at C:\Users\DELL\Downloads\VERIDEXA_3D_v2\VERIDEXA\veridexa.db
2026-10-08 13:26:44,300 | INFO     | modules.data_loader | Loaded file Superstore-Sales-Time-Intelligence-Analysis-Country-Slicer-FIXED (1).xlsx: 9994 rows x 20 cols
2026-10-08 13:27:20,391 | INFO     | modules.db | Database initialized at C:\Users\DELL\Downloads\VERIDEXA_3D_v2\VERIDEXA\veridexa.db
2026-10-08 13:27:49,041 | INFO     | modules.db | Database initialized at C:\Users\DELL\Downloads\VERIDEXA_3D_v2\VERIDEXA\veridexa.db
2026-10-08 13:27:56,068 | INFO     | modules.db | Database initialized at C:\Users\DELL\Downloads\VERIDEXA_3D_v2\VERIDEXA\veridexa.db
2026-10-08 13:28:32,035 | INFO     | modules.db | Database initialized at C:\Users\DELL\Downloads\VERIDEXA_3D_v2\VERIDEXA\veridexa.db
2026-10-08 13:28:37,835 | INFO     | modules.db | Database initialized at C:\Users\DELL\Downloads\VERIDEXA_3D_v2\VERIDEXA\veridexa.db
2026-10-08 13:28:41,160 | INFO     | modules.db | Database initialized at C:\Users\DELL\Downloads\VERIDEXA_3D_v2\VERIDEXA\veridexa.db
2026-10-08 13:28:46,015 | INFO     | modules.db | Database initialized at C:\Users\DELL\Downloads\VERIDEXA_3D_v2\VERIDEXA\veridexa.db
2026-10-08 13:28:50,858 | INFO     | modules.db | Database initialized at C:\Users\DELL\Downloads\VERIDEXA_3D_v2\VERIDEXA\veridexa.db
2026-10-08 13:29:10,535 | INFO     | modules.db | Database initialized at C:\Users\DELL\Downloads\VERIDEXA_3D_v2\VERIDEXA\veridexa.db
2026-10-08 13:29:29,821 | INFO     | modules.db | Database initialized at C:\Users\DELL\Downloads\VERIDEXA_3D_v2\VERIDEXA\veridexa.db
2026-10-08 13:30:04,669 | INFO     | modules.db | Database initialized at C:\Users\DELL\Downloads\VERIDEXA_3D_v2\VERIDEXA\veridexa.db
2026-10-08 13:30:25,864 | INFO     | modules.db | Database initialized at C:\Users\DELL\Downloads\VERIDEXA_3D_v2\VERIDEXA\veridexa.db
2026-10-08 13:34:49,011 | INFO     | modules.db | Database initialized at C:\Users\DELL\Downloads\VERIDEXA_3D_v2\VERIDEXA\veridexa.db
2026-10-08 13:37:02,726 | INFO     | modules.db | Database initialized at C:\Users\DELL\Downloads\VERIDEXA_3D_v2\VERIDEXA\veridexa.db
2026-10-08 13:37:37,129 | INFO     | modules.db | Database initialized at C:\Users\DELL\Downloads\VERIDEXA_3D_v2\VERIDEXA\veridexa.db
2026-10-08 13:39:26,470 | INFO     | modules.db | Database initialized at C:\Users\DELL\Downloads\VERIDEXA_3D_v2\VERIDEXA\veridexa.db
2026-10-08 13:39:29,657 | INFO     | modules.db | Database initialized at C:\Users\DELL\Downloads\VERIDEXA_3D_v2\VERIDEXA\veridexa.db
2026-10-08 13:39:37,904 | INFO     | modules.db | Database initialized at C:\Users\DELL\Downloads\VERIDEXA_3D_v2\VERIDEXA\veridexa.db
2026-10-08 13:39:38,193 | INFO     | modules.db | Database initialized at C:\Users\DELL\Downloads\VERIDEXA_3D_v2\VERIDEXA\veridexa.db
2026-10-08 13:39:40,417 | INFO     | modules.db | Database initialized at C:\Users\DELL\Downloads\VERIDEXA_3D_v2\VERIDEXA\veridexa.db
2026-10-08 13:39:40,699 | INFO     | modules.db | Database initialized at C:\Users\DELL\Downloads\VERIDEXA_3D_v2\VERIDEXA\veridexa.db
2026-10-08 13:39:42,094 | INFO     | modules.db | Database initialized at C:\Users\DELL\Downloads\VERIDEXA_3D_v2\VERIDEXA\veridexa.db
2026-10-08 13:39:42,342 | INFO     | modules.db | Database initialized at C:\Users\DELL\Downloads\VERIDEXA_3D_v2\VERIDEXA\veridexa.db
2026-10-08 13:39:43,744 | INFO     | modules.db | Database initialized at C:\Users\DELL\Downloads\VERIDEXA_3D_v2\VERIDEXA\veridexa.db
2026-10-08 13:39:44,004 | INFO     | modules.db | Database initialized at C:\Users\DELL\Downloads\VERIDEXA_3D_v2\VERIDEXA\veridexa.db
2026-10-08 13:39:45,511 | INFO     | modules.db | Database initialized at C:\Users\DELL\Downloads\VERIDEXA_3D_v2\VERIDEXA\veridexa.db
2026-10-08 13:39:45,807 | INFO     | modules.db | Database initialized at C:\Users\DELL\Downloads\VERIDEXA_3D_v2\VERIDEXA\veridexa.db
2026-10-08 13:39:45,892 | INFO     | modules.db | Database initialized at C:\Users\DELL\Downloads\VERIDEXA_3D_v2\VERIDEXA\veridexa.db
2026-10-08 13:39:46,316 | INFO     | modules.db | Database initialized at C:\Users\DELL\Downloads\VERIDEXA_3D_v2\VERIDEXA\veridexa.db
2026-10-08 13:39:47,846 | INFO     | modules.db | Database initialized at C:\Users\DELL\Downloads\VERIDEXA_3D_v2\VERIDEXA\veridexa.db
2026-10-08 13:39:48,105 | INFO     | modules.db | Database initialized at C:\Users\DELL\Downloads\VERIDEXA_3D_v2\VERIDEXA\veridexa.db
2026-10-08 13:39:49,711 | INFO     | modules.db | Database initialized at C:\Users\DELL\Downloads\VERIDEXA_3D_v2\VERIDEXA\veridexa.db
2026-10-08 13:39:49,983 | INFO     | modules.db | Database initialized at C:\Users\DELL\Downloads\VERIDEXA_3D_v2\VERIDEXA\veridexa.db
2026-10-08 13:39:57,019 | INFO     | modules.db | Database initialized at C:\Users\DELL\Downloads\VERIDEXA_3D_v2\VERIDEXA\veridexa.db
2026-10-08 13:39:58,313 | INFO     | modules.db | Database initialized at C:\Users\DELL\Downloads\VERIDEXA_3D_v2\VERIDEXA\veridexa.db
2026-10-08 13:43:38,692 | INFO     | modules.db | Database initialized at C:\Users\DELL\Downloads\VERIDEXA_3D_v2\VERIDEXA\veridexa.db
2026-10-08 13:43:39,674 | INFO     | modules.db | Database initialized at C:\Users\DELL\Downloads\VERIDEXA_3D_v2\VERIDEXA\veridexa.db
2026-10-08 13:43:52,556 | INFO     | modules.db | Database initialized at C:\Users\DELL\Downloads\VERIDEXA_3D_v2\VERIDEXA\veridexa.db
2026-10-08 13:43:53,838 | INFO     | modules.db | Database initialized at C:\Users\DELL\Downloads\VERIDEXA_3D_v2\VERIDEXA\veridexa.db
2026-10-08 13:43:57,970 | INFO     | modules.data_loader | Loaded file Superstore-Sales-Time-Intelligence-Analysis-Country-Slicer-Connected.xlsx: 9994 rows x 20 cols
2026-10-08 13:44:31,117 | INFO     | modules.db | Database initialized at C:\Users\DELL\Downloads\VERIDEXA_3D_v2\VERIDEXA\veridexa.db
2026-10-08 13:46:58,171 | INFO     | modules.db | Database initialized at C:\Users\DELL\Downloads\VERIDEXA_3D_v2\VERIDEXA\veridexa.db
2026-10-08 13:47:03,008 | INFO     | modules.db | Database initialized at C:\Users\DELL\Downloads\VERIDEXA_3D_v2\VERIDEXA\veridexa.db
2026-10-08 13:47:19,006 | INFO     | modules.db | Database initialized at C:\Users\DELL\Downloads\VERIDEXA_3D_v2\VERIDEXA\veridexa.db
2026-10-08 13:47:23,525 | INFO     | modules.db | Database initialized at C:\Users\DELL\Downloads\VERIDEXA_3D_v2\VERIDEXA\veridexa.db
2026-10-08 13:47:36,589 | INFO     | modules.db | Database initialized at C:\Users\DELL\Downloads\VERIDEXA_3D_v2\VERIDEXA\veridexa.db
2026-10-08 13:47:37,804 | INFO     | modules.db | Database initialized at C:\Users\DELL\Downloads\VERIDEXA_3D_v2\VERIDEXA\veridexa.db
2026-10-08 13:47:51,650 | INFO     | modules.db | Database initialized at C:\Users\DELL\Downloads\VERIDEXA_3D_v2\VERIDEXA\veridexa.db
2026-10-08 13:48:03,960 | INFO     | modules.db | Database initialized at C:\Users\DELL\Downloads\VERIDEXA_3D_v2\VERIDEXA\veridexa.db
2026-10-08 13:48:06,152 | INFO     | modules.db | Database initialized at C:\Users\DELL\Downloads\VERIDEXA_3D_v2\VERIDEXA\veridexa.db
2026-10-08 13:48:14,320 | INFO     | modules.db | Database initialized at C:\Users\DELL\Downloads\VERIDEXA_3D_v2\VERIDEXA\veridexa.db
2026-10-08 13:48:17,150 | INFO     | modules.db | Database initialized at C:\Users\DELL\Downloads\VERIDEXA_3D_v2\VERIDEXA\veridexa.db
2026-10-08 13:48:24,461 | INFO     | modules.db | Database initialized at C:\Users\DELL\Downloads\VERIDEXA_3D_v2\VERIDEXA\veridexa.db
2026-10-08 13:48:27,684 | INFO     | modules.db | Database initialized at C:\Users\DELL\Downloads\VERIDEXA_3D_v2\VERIDEXA\veridexa.db
2026-10-08 13:49:13,232 | INFO     | modules.db | Database initialized at C:\Users\DELL\Downloads\VERIDEXA_3D_v2\VERIDEXA\veridexa.db
2026-10-08 13:49:15,167 | INFO     | modules.db | Database initialized at C:\Users\DELL\Downloads\VERIDEXA_3D_v2\VERIDEXA\veridexa.db
2026-10-08 13:49:19,549 | INFO     | modules.db | Database initialized at C:\Users\DELL\Downloads\VERIDEXA_3D_v2\VERIDEXA\veridexa.db
2026-10-08 13:49:22,408 | INFO     | modules.db | Database initialized at C:\Users\DELL\Downloads\VERIDEXA_3D_v2\VERIDEXA\veridexa.db
2026-10-08 13:49:31,823 | INFO     | modules.db | Database initialized at C:\Users\DELL\Downloads\VERIDEXA_3D_v2\VERIDEXA\veridexa.db
2026-10-08 13:49:33,722 | INFO     | modules.db | Database initialized at C:\Users\DELL\Downloads\VERIDEXA_3D_v2\VERIDEXA\veridexa.db
2026-10-08 13:49:47,529 | INFO     | modules.db | Database initialized at C:\Users\DELL\Downloads\VERIDEXA_3D_v2\VERIDEXA\veridexa.db
2026-10-08 13:49:50,591 | INFO     | modules.db | Database initialized at C:\Users\DELL\Downloads\VERIDEXA_3D_v2\VERIDEXA\veridexa.db
2026-10-08 13:57:06,376 | INFO     | modules.db | Database initialized at C:\Users\DELL\Downloads\VERIDEXA_3D_v2\VERIDEXA\veridexa.db
2026-10-08 13:57:43,114 | INFO     | modules.db | Database initialized at C:\Users\DELL\Downloads\VERIDEXA_3D_v2\VERIDEXA\veridexa.db
2026-10-08 13:57:47,363 | INFO     | modules.db | Database initialized at C:\Users\DELL\Downloads\VERIDEXA_3D_v2\VERIDEXA\veridexa.db
2026-10-08 13:57:52,506 | INFO     | modules.db | Database initialized at C:\Users\DELL\Downloads\VERIDEXA_3D_v2\VERIDEXA\veridexa.db
2026-10-08 13:57:52,739 | INFO     | modules.db | Database initialized at C:\Users\DELL\Downloads\VERIDEXA_3D_v2\VERIDEXA\veridexa.db
2026-10-08 13:58:07,000 | INFO     | modules.db | Database initialized at C:\Users\DELL\Downloads\VERIDEXA_3D_v2\VERIDEXA\veridexa.db
2026-10-08 13:58:25,801 | INFO     | modules.db | Database initialized at C:\Users\DELL\Downloads\VERIDEXA_3D_v2\VERIDEXA\veridexa.db
2026-10-08 13:58:26,012 | INFO     | modules.db | Database initialized at C:\Users\DELL\Downloads\VERIDEXA_3D_v2\VERIDEXA\veridexa.db
2026-10-08 13:58:28,222 | INFO     | modules.db | Database initialized at C:\Users\DELL\Downloads\VERIDEXA_3D_v2\VERIDEXA\veridexa.db
2026-10-08 13:58:28,449 | INFO     | modules.db | Database initialized at C:\Users\DELL\Downloads\VERIDEXA_3D_v2\VERIDEXA\veridexa.db
2026-10-08 13:58:35,421 | INFO     | modules.db | Database initialized at C:\Users\DELL\Downloads\VERIDEXA_3D_v2\VERIDEXA\veridexa.db
2026-10-08 13:58:55,008 | INFO     | modules.db | Database initialized at C:\Users\DELL\Downloads\VERIDEXA_3D_v2\VERIDEXA\veridexa.db
2026-10-08 13:58:56,997 | INFO     | modules.db | Database initialized at C:\Users\DELL\Downloads\VERIDEXA_3D_v2\VERIDEXA\veridexa.db
2026-10-08 13:59:07,051 | INFO     | modules.db | Database initialized at C:\Users\DELL\Downloads\VERIDEXA_3D_v2\VERIDEXA\veridexa.db
2026-10-08 13:59:23,197 | INFO     | modules.db | Database initialized at C:\Users\DELL\Downloads\VERIDEXA_3D_v2\VERIDEXA\veridexa.db
2026-10-08 13:59:23,401 | INFO     | modules.db | Database initialized at C:\Users\DELL\Downloads\VERIDEXA_3D_v2\VERIDEXA\veridexa.db
2026-10-08 14:00:12,695 | INFO     | modules.db | Database initialized at C:\Users\DELL\Downloads\VERIDEXA_3D_v2\VERIDEXA\veridexa.db
2026-10-08 14:00:34,035 | INFO     | modules.db | Database initialized at C:\Users\DELL\Downloads\VERIDEXA_3D_v2\VERIDEXA\veridexa.db
2026-10-08 14:00:34,276 | INFO     | modules.auth | New user signed up: ml_1234
2026-10-08 14:00:34,476 | INFO     | modules.db | Database initialized at C:\Users\DELL\Downloads\VERIDEXA_3D_v2\VERIDEXA\veridexa.db
2026-10-08 14:00:37,490 | INFO     | modules.db | Database initialized at C:\Users\DELL\Downloads\VERIDEXA_3D_v2\VERIDEXA\veridexa.db
2026-10-08 14:00:37,721 | INFO     | modules.db | Database initialized at C:\Users\DELL\Downloads\VERIDEXA_3D_v2\VERIDEXA\veridexa.db
2026-10-08 14:00:43,737 | INFO     | modules.db | Database initialized at C:\Users\DELL\Downloads\VERIDEXA_3D_v2\VERIDEXA\veridexa.db
2026-10-08 14:00:47,606 | INFO     | modules.db | Database initialized at C:\Users\DELL\Downloads\VERIDEXA_3D_v2\VERIDEXA\veridexa.db
2026-10-08 14:00:47,644 | INFO     | modules.data_loader | Loaded file blinkit_products.csv: 268 rows x 10 cols
2026-10-08 14:00:59,324 | INFO     | modules.db | Database initialized at C:\Users\DELL\Downloads\VERIDEXA_3D_v2\VERIDEXA\veridexa.db
2026-10-08 14:01:33,132 | INFO     | modules.db | Database initialized at C:\Users\DELL\Downloads\VERIDEXA_3D_v2\VERIDEXA\veridexa.db
2026-10-08 14:01:35,864 | INFO     | modules.db | Database initialized at C:\Users\DELL\Downloads\VERIDEXA_3D_v2\VERIDEXA\veridexa.db
2026-10-08 14:01:49,562 | INFO     | modules.db | Database initialized at C:\Users\DELL\Downloads\VERIDEXA_3D_v2\VERIDEXA\veridexa.db
2026-10-08 14:01:50,987 | INFO     | modules.db | Database initialized at C:\Users\DELL\Downloads\VERIDEXA_3D_v2\VERIDEXA\veridexa.db
2026-10-08 14:02:01,284 | INFO     | modules.db | Database initialized at C:\Users\DELL\Downloads\VERIDEXA_3D_v2\VERIDEXA\veridexa.db
2026-10-08 14:02:02,825 | INFO     | modules.db | Database initialized at C:\Users\DELL\Downloads\VERIDEXA_3D_v2\VERIDEXA\veridexa.db
2026-10-08 14:02:05,042 | INFO     | modules.db | Database initialized at C:\Users\DELL\Downloads\VERIDEXA_3D_v2\VERIDEXA\veridexa.db
2026-10-08 14:02:06,567 | INFO     | modules.db | Database initialized at C:\Users\DELL\Downloads\VERIDEXA_3D_v2\VERIDEXA\veridexa.db
2026-10-08 14:02:09,024 | INFO     | modules.db | Database initialized at C:\Users\DELL\Downloads\VERIDEXA_3D_v2\VERIDEXA\veridexa.db
2026-10-08 14:02:11,821 | INFO     | modules.db | Database initialized at C:\Users\DELL\Downloads\VERIDEXA_3D_v2\VERIDEXA\veridexa.db
2026-10-08 14:02:15,221 | INFO     | modules.db | Database initialized at C:\Users\DELL\Downloads\VERIDEXA_3D_v2\VERIDEXA\veridexa.db
2026-10-08 14:02:16,746 | INFO     | modules.db | Database initialized at C:\Users\DELL\Downloads\VERIDEXA_3D_v2\VERIDEXA\veridexa.db
2026-10-08 14:02:18,591 | INFO     | modules.db | Database initialized at C:\Users\DELL\Downloads\VERIDEXA_3D_v2\VERIDEXA\veridexa.db
2026-10-08 14:02:20,555 | INFO     | modules.db | Database initialized at C:\Users\DELL\Downloads\VERIDEXA_3D_v2\VERIDEXA\veridexa.db
2026-10-08 14:02:24,401 | INFO     | modules.db | Database initialized at C:\Users\DELL\Downloads\VERIDEXA_3D_v2\VERIDEXA\veridexa.db
2026-10-08 14:02:27,627 | INFO     | modules.db | Database initialized at C:\Users\DELL\Downloads\VERIDEXA_3D_v2\VERIDEXA\veridexa.db
2026-10-08 14:04:41,212 | INFO     | modules.db | Database initialized at C:\Users\DELL\Downloads\VERIDEXA_3D_v2\VERIDEXA\veridexa.db
2026-10-08 14:04:41,460 | INFO     | modules.auth | New user signed up: QW_23456
2026-10-08 14:04:41,669 | INFO     | modules.db | Database initialized at C:\Users\DELL\Downloads\VERIDEXA_3D_v2\VERIDEXA\veridexa.db
2026-10-08 14:04:46,172 | INFO     | modules.db | Database initialized at C:\Users\DELL\Downloads\VERIDEXA_3D_v2\VERIDEXA\veridexa.db
2026-10-08 14:04:46,373 | INFO     | modules.db | Database initialized at C:\Users\DELL\Downloads\VERIDEXA_3D_v2\VERIDEXA\veridexa.db
2026-10-08 14:05:14,998 | INFO     | modules.db | Database initialized at C:\Users\DELL\Downloads\VERIDEXA_3D_v2\VERIDEXA\veridexa.db
2026-10-08 14:05:16,005 | INFO     | modules.db | Database initialized at C:\Users\DELL\Downloads\VERIDEXA_3D_v2\VERIDEXA\veridexa.db
2026-10-08 14:05:19,648 | INFO     | modules.db | Database initialized at C:\Users\DELL\Downloads\VERIDEXA_3D_v2\VERIDEXA\veridexa.db
2026-10-08 14:05:21,184 | INFO     | modules.data_loader | Loaded file Superstore-Sales-Time-Intelligence-Analysis-Country-Slicer-Connected.xlsx: 9994 rows x 20 cols
2026-10-08 14:05:24,610 | INFO     | modules.data_loader | Loaded file Superstore-Sales-Time-Intelligence-Analysis-Country-Slicer-Connected.xlsx: 9994 rows x 20 cols
2026-10-08 14:05:27,400 | INFO     | modules.db | Database initialized at C:\Users\DELL\Downloads\VERIDEXA_3D_v2\VERIDEXA\veridexa.db
2026-10-08 14:05:31,521 | INFO     | modules.db | Database initialized at C:\Users\DELL\Downloads\VERIDEXA_3D_v2\VERIDEXA\veridexa.db
2026-10-08 14:05:33,166 | INFO     | modules.db | Database initialized at C:\Users\DELL\Downloads\VERIDEXA_3D_v2\VERIDEXA\veridexa.db
2026-10-08 14:05:35,194 | INFO     | modules.db | Database initialized at C:\Users\DELL\Downloads\VERIDEXA_3D_v2\VERIDEXA\veridexa.db
2026-10-08 14:10:08,304 | INFO     | modules.db | Database initialized at C:\Users\DELL\Downloads\VERIDEXA_3D_v2\VERIDEXA\veridexa.db
2026-10-08 14:12:03,831 | INFO     | modules.db | Database initialized at C:\Users\DELL\Downloads\VERIDEXA_3D_v2\VERIDEXA\veridexa.db
2026-10-08 14:12:09,380 | INFO     | modules.db | Database initialized at C:\Users\DELL\Downloads\VERIDEXA_3D_v2\VERIDEXA\veridexa.db
2026-10-08 14:17:19,943 | INFO     | modules.db | Database initialized at C:\Users\DELL\Downloads\VERIDEXA_3D_v2\VERIDEXA\veridexa.db
2026-10-08 14:17:46,436 | INFO     | modules.db | Database initialized at C:\Users\DELL\Downloads\VERIDEXA_3D_v2\VERIDEXA\veridexa.db
2026-10-08 14:18:04,944 | INFO     | modules.db | Database initialized at C:\Users\DELL\Downloads\VERIDEXA_3D_v2\VERIDEXA\veridexa.db
2026-10-08 14:20:37,427 | INFO     | modules.db | Database initialized at C:\Users\DELL\Downloads\VERIDEXA_3D_v2\VERIDEXA\veridexa.db
2026-10-08 14:21:19,814 | INFO     | modules.db | Database initialized at C:\Users\DELL\Downloads\VERIDEXA_3D_v2\VERIDEXA\veridexa.db
2026-10-08 14:23:05,472 | INFO     | modules.db | Database initialized at C:\Users\DELL\Downloads\VERIDEXA_3D_v2\VERIDEXA\veridexa.db
2026-10-08 14:23:08,960 | INFO     | modules.db | Database initialized at C:\Users\DELL\Downloads\VERIDEXA_3D_v2\VERIDEXA\veridexa.db
2026-10-08 14:23:11,301 | INFO     | modules.db | Database initialized at C:\Users\DELL\Downloads\VERIDEXA_3D_v2\VERIDEXA\veridexa.db
2026-10-08 14:39:54,923 | INFO     | modules.db | Database initialized at C:\Users\DELL\Downloads\VERIDEXA_3D_v2\VERIDEXA\veridexa.db
2026-10-08 14:40:28,761 | INFO     | modules.db | Database initialized at C:\Users\DELL\Downloads\VERIDEXA_3D_v2\VERIDEXA\veridexa.db
2026-10-08 14:40:36,878 | INFO     | modules.db | Database initialized at C:\Users\DELL\Downloads\VERIDEXA_3D_v2\VERIDEXA\veridexa.db
2026-10-08 14:40:37,888 | INFO     | modules.db | Database initialized at C:\Users\DELL\Downloads\VERIDEXA_3D_v2\VERIDEXA\veridexa.db
2026-10-08 14:40:49,223 | INFO     | modules.db | Database initialized at C:\Users\DELL\Downloads\VERIDEXA_3D_v2\VERIDEXA\veridexa.db
2026-10-08 14:40:52,065 | INFO     | modules.db | Database initialized at C:\Users\DELL\Downloads\VERIDEXA_3D_v2\VERIDEXA\veridexa.db
2026-10-08 15:57:42,048 | INFO     | modules.db | Database initialized at C:\Users\DELL\Downloads\VERIDEXA_3D_v2\VERIDEXA\veridexa.db
2026-10-08 16:01:19,307 | INFO     | modules.db | Database initialized at C:\Users\DELL\Downloads\VERIDEXA_3D_v2\VERIDEXA\veridexa.db
2026-10-08 16:02:04,013 | INFO     | modules.db | Database initialized at C:\Users\DELL\Downloads\VERIDEXA_3D_v2\VERIDEXA\veridexa.db
2026-10-08 16:02:04,279 | INFO     | modules.db | Database initialized at C:\Users\DELL\Downloads\VERIDEXA_3D_v2\VERIDEXA\veridexa.db
2026-10-08 16:02:20,008 | INFO     | modules.db | Database initialized at C:\Users\DELL\Downloads\VERIDEXA_3D_v2\VERIDEXA\veridexa.db
2026-10-08 16:02:20,280 | INFO     | modules.db | Database initialized at C:\Users\DELL\Downloads\VERIDEXA_3D_v2\VERIDEXA\veridexa.db
2026-10-08 16:02:26,088 | INFO     | modules.db | Database initialized at C:\Users\DELL\Downloads\VERIDEXA_3D_v2\VERIDEXA\veridexa.db
2026-10-08 16:02:26,359 | INFO     | modules.db | Database initialized at C:\Users\DELL\Downloads\VERIDEXA_3D_v2\VERIDEXA\veridexa.db
2026-10-08 16:03:13,413 | INFO     | modules.db | Database initialized at C:\Users\DELL\Downloads\VERIDEXA_3D_v2\VERIDEXA\veridexa.db
2026-10-08 16:03:29,567 | INFO     | modules.db | Database initialized at C:\Users\DELL\Downloads\VERIDEXA_3D_v2\VERIDEXA\veridexa.db
2026-10-08 16:03:39,339 | INFO     | modules.db | Database initialized at C:\Users\DELL\Downloads\VERIDEXA_3D_v2\VERIDEXA\veridexa.db
2026-10-08 16:03:49,691 | INFO     | modules.db | Database initialized at C:\Users\DELL\Downloads\VERIDEXA_3D_v2\VERIDEXA\veridexa.db
2026-10-08 16:03:49,939 | INFO     | modules.auth | New user signed up: 1234_mk
2026-10-08 16:03:50,188 | INFO     | modules.db | Database initialized at C:\Users\DELL\Downloads\VERIDEXA_3D_v2\VERIDEXA\veridexa.db
2026-10-08 16:03:57,640 | INFO     | modules.db | Database initialized at C:\Users\DELL\Downloads\VERIDEXA_3D_v2\VERIDEXA\veridexa.db
2026-10-08 16:04:13,043 | INFO     | modules.db | Database initialized at C:\Users\DELL\Downloads\VERIDEXA_3D_v2\VERIDEXA\veridexa.db
2026-10-08 16:04:13,357 | INFO     | modules.db | Database initialized at C:\Users\DELL\Downloads\VERIDEXA_3D_v2\VERIDEXA\veridexa.db
2026-10-08 16:04:13,930 | INFO     | modules.db | Database initialized at C:\Users\DELL\Downloads\VERIDEXA_3D_v2\VERIDEXA\veridexa.db
2026-10-08 16:04:14,230 | INFO     | modules.db | Database initialized at C:\Users\DELL\Downloads\VERIDEXA_3D_v2\VERIDEXA\veridexa.db
2026-10-08 16:04:15,020 | INFO     | modules.db | Database initialized at C:\Users\DELL\Downloads\VERIDEXA_3D_v2\VERIDEXA\veridexa.db
2026-10-08 16:04:21,940 | INFO     | modules.db | Database initialized at C:\Users\DELL\Downloads\VERIDEXA_3D_v2\VERIDEXA\veridexa.db
2026-10-08 16:04:25,042 | INFO     | modules.db | Database initialized at C:\Users\DELL\Downloads\VERIDEXA_3D_v2\VERIDEXA\veridexa.db
2026-10-08 16:04:25,305 | INFO     | modules.db | Database initialized at C:\Users\DELL\Downloads\VERIDEXA_3D_v2\VERIDEXA\veridexa.db
2026-10-08 16:04:34,683 | INFO     | modules.db | Database initialized at C:\Users\DELL\Downloads\VERIDEXA_3D_v2\VERIDEXA\veridexa.db
2026-10-08 16:04:37,321 | INFO     | modules.db | Database initialized at C:\Users\DELL\Downloads\VERIDEXA_3D_v2\VERIDEXA\veridexa.db
2026-10-08 16:04:41,166 | INFO     | modules.data_loader | Loaded file Superstore-Sales-Time-Intelligence-Analysis-Country-Slicer-Connected.xlsx: 9994 rows x 20 cols
2026-10-08 16:05:12,903 | INFO     | modules.db | Database initialized at C:\Users\DELL\Downloads\VERIDEXA_3D_v2\VERIDEXA\veridexa.db
2026-10-08 16:05:15,798 | INFO     | modules.db | Database initialized at C:\Users\DELL\Downloads\VERIDEXA_3D_v2\VERIDEXA\veridexa.db
2026-10-08 16:05:16,255 | INFO     | modules.db | Database initialized at C:\Users\DELL\Downloads\VERIDEXA_3D_v2\VERIDEXA\veridexa.db
2026-10-08 16:05:22,517 | INFO     | modules.db | Database initialized at C:\Users\DELL\Downloads\VERIDEXA_3D_v2\VERIDEXA\veridexa.db
2026-10-08 16:05:22,912 | INFO     | modules.db | Database initialized at C:\Users\DELL\Downloads\VERIDEXA_3D_v2\VERIDEXA\veridexa.db
2026-10-08 16:05:43,758 | INFO     | modules.db | Database initialized at C:\Users\DELL\Downloads\VERIDEXA_3D_v2\VERIDEXA\veridexa.db
2026-10-08 16:06:08,146 | INFO     | modules.db | Database initialized at C:\Users\DELL\Downloads\VERIDEXA_3D_v2\VERIDEXA\veridexa.db
2026-10-08 16:06:09,696 | INFO     | modules.db | Database initialized at C:\Users\DELL\Downloads\VERIDEXA_3D_v2\VERIDEXA\veridexa.db
2026-10-08 16:06:18,710 | INFO     | modules.db | Database initialized at C:\Users\DELL\Downloads\VERIDEXA_3D_v2\VERIDEXA\veridexa.db
2026-10-08 16:06:33,595 | INFO     | modules.db | Database initialized at C:\Users\DELL\Downloads\VERIDEXA_3D_v2\VERIDEXA\veridexa.db
2026-10-08 16:06:36,652 | INFO     | modules.db | Database initialized at C:\Users\DELL\Downloads\VERIDEXA_3D_v2\VERIDEXA\veridexa.db
2026-10-08 16:06:36,967 | INFO     | modules.db | Database initialized at C:\Users\DELL\Downloads\VERIDEXA_3D_v2\VERIDEXA\veridexa.db
2026-10-08 16:06:37,969 | INFO     | modules.db | Database initialized at C:\Users\DELL\Downloads\VERIDEXA_3D_v2\VERIDEXA\veridexa.db
2026-10-08 16:06:38,518 | INFO     | modules.db | Database initialized at C:\Users\DELL\Downloads\VERIDEXA_3D_v2\VERIDEXA\veridexa.db
2026-10-08 16:06:44,515 | INFO     | modules.db | Database initialized at C:\Users\DELL\Downloads\VERIDEXA_3D_v2\VERIDEXA\veridexa.db
2026-10-08 16:06:55,488 | INFO     | modules.db | Database initialized at C:\Users\DELL\Downloads\VERIDEXA_3D_v2\VERIDEXA\veridexa.db
2026-10-08 16:06:59,294 | INFO     | modules.db | Database initialized at C:\Users\DELL\Downloads\VERIDEXA_3D_v2\VERIDEXA\veridexa.db
2026-10-08 16:07:08,800 | INFO     | modules.db | Database initialized at C:\Users\DELL\Downloads\VERIDEXA_3D_v2\VERIDEXA\veridexa.db
2026-10-08 16:07:11,270 | INFO     | modules.db | Database initialized at C:\Users\DELL\Downloads\VERIDEXA_3D_v2\VERIDEXA\veridexa.db
2026-10-08 16:07:12,776 | INFO     | modules.db | Database initialized at C:\Users\DELL\Downloads\VERIDEXA_3D_v2\VERIDEXA\veridexa.db
2026-10-08 16:07:18,732 | INFO     | modules.db | Database initialized at C:\Users\DELL\Downloads\VERIDEXA_3D_v2\VERIDEXA\veridexa.db
2026-10-08 16:07:23,413 | INFO     | modules.db | Database initialized at C:\Users\DELL\Downloads\VERIDEXA_3D_v2\VERIDEXA\veridexa.db
2026-10-08 16:07:26,018 | INFO     | modules.db | Database initialized at C:\Users\DELL\Downloads\VERIDEXA_3D_v2\VERIDEXA\veridexa.db
2026-10-08 16:07:34,026 | INFO     | modules.db | Database initialized at C:\Users\DELL\Downloads\VERIDEXA_3D_v2\VERIDEXA\veridexa.db
2026-10-08 16:07:36,154 | INFO     | modules.db | Database initialized at C:\Users\DELL\Downloads\VERIDEXA_3D_v2\VERIDEXA\veridexa.db
2026-10-08 16:07:47,308 | INFO     | modules.db | Database initialized at C:\Users\DELL\Downloads\VERIDEXA_3D_v2\VERIDEXA\veridexa.db
2026-10-08 16:07:53,300 | INFO     | modules.db | Database initialized at C:\Users\DELL\Downloads\VERIDEXA_3D_v2\VERIDEXA\veridexa.db
2026-10-08 16:07:56,710 | INFO     | modules.db | Database initialized at C:\Users\DELL\Downloads\VERIDEXA_3D_v2\VERIDEXA\veridexa.db
2026-10-08 16:08:01,060 | INFO     | modules.db | Database initialized at C:\Users\DELL\Downloads\VERIDEXA_3D_v2\VERIDEXA\veridexa.db
2026-10-08 16:08:03,277 | INFO     | modules.db | Database initialized at C:\Users\DELL\Downloads\VERIDEXA_3D_v2\VERIDEXA\veridexa.db
2026-10-08 16:08:07,254 | INFO     | modules.db | Database initialized at C:\Users\DELL\Downloads\VERIDEXA_3D_v2\VERIDEXA\veridexa.db
2026-10-08 16:08:17,273 | INFO     | modules.db | Database initialized at C:\Users\DELL\Downloads\VERIDEXA_3D_v2\VERIDEXA\veridexa.db
2026-10-08 16:08:24,539 | INFO     | modules.db | Database initialized at C:\Users\DELL\Downloads\VERIDEXA_3D_v2\VERIDEXA\veridexa.db
2026-10-08 16:08:28,517 | INFO     | modules.db | Database initialized at C:\Users\DELL\Downloads\VERIDEXA_3D_v2\VERIDEXA\veridexa.db
2026-10-08 16:08:30,076 | INFO     | modules.db | Database initialized at C:\Users\DELL\Downloads\VERIDEXA_3D_v2\VERIDEXA\veridexa.db
2026-10-08 16:08:46,561 | INFO     | modules.db | Database initialized at C:\Users\DELL\Downloads\VERIDEXA_3D_v2\VERIDEXA\veridexa.db
2026-10-08 16:08:52,549 | INFO     | modules.db | Database initialized at C:\Users\DELL\Downloads\VERIDEXA_3D_v2\VERIDEXA\veridexa.db
2026-10-08 16:08:52,873 | INFO     | modules.db | Database initialized at C:\Users\DELL\Downloads\VERIDEXA_3D_v2\VERIDEXA\veridexa.db
2026-10-08 16:08:53,418 | INFO     | modules.db | Database initialized at C:\Users\DELL\Downloads\VERIDEXA_3D_v2\VERIDEXA\veridexa.db
2026-10-08 16:08:53,727 | INFO     | modules.db | Database initialized at C:\Users\DELL\Downloads\VERIDEXA_3D_v2\VERIDEXA\veridexa.db
2026-10-08 16:08:54,035 | INFO     | modules.db | Database initialized at C:\Users\DELL\Downloads\VERIDEXA_3D_v2\VERIDEXA\veridexa.db
2026-10-08 16:09:02,993 | INFO     | modules.db | Database initialized at C:\Users\DELL\Downloads\VERIDEXA_3D_v2\VERIDEXA\veridexa.db
2026-10-08 16:09:19,188 | INFO     | modules.db | Database initialized at C:\Users\DELL\Downloads\VERIDEXA_3D_v2\VERIDEXA\veridexa.db
2026-10-08 16:09:23,198 | INFO     | modules.db | Database initialized at C:\Users\DELL\Downloads\VERIDEXA_3D_v2\VERIDEXA\veridexa.db
2026-10-08 16:11:24,842 | INFO     | modules.db | Database initialized at C:\Users\DELL\Downloads\VERIDEXA_3D_v2\VERIDEXA\veridexa.db
2026-10-08 16:11:25,078 | INFO     | modules.db | Database initialized at C:\Users\DELL\Downloads\VERIDEXA_3D_v2\VERIDEXA\veridexa.db
2026-10-08 16:11:35,443 | INFO     | modules.db | Database initialized at C:\Users\DELL\Downloads\VERIDEXA_3D_v2\VERIDEXA\veridexa.db
2026-10-08 16:16:26,873 | INFO     | modules.db | Database initialized at C:\Users\DELL\Downloads\VERIDEXA_3D_v2\VERIDEXA\veridexa.db
2026-10-08 16:16:32,078 | INFO     | modules.db | Database initialized at C:\Users\DELL\Downloads\VERIDEXA_3D_v2\VERIDEXA\veridexa.db
2026-10-08 16:16:34,426 | INFO     | modules.db | Database initialized at C:\Users\DELL\Downloads\VERIDEXA_3D_v2\VERIDEXA\veridexa.db
2026-10-08 16:17:10,544 | INFO     | modules.db | Database initialized at C:\Users\DELL\Downloads\VERIDEXA_3D_v2\VERIDEXA\veridexa.db
2026-10-08 16:17:12,976 | INFO     | modules.db | Database initialized at C:\Users\DELL\Downloads\VERIDEXA_3D_v2\VERIDEXA\veridexa.db
2026-10-08 16:17:16,064 | INFO     | modules.db | Database initialized at C:\Users\DELL\Downloads\VERIDEXA_3D_v2\VERIDEXA\veridexa.db
2026-10-08 16:17:17,742 | INFO     | modules.db | Database initialized at C:\Users\DELL\Downloads\VERIDEXA_3D_v2\VERIDEXA\veridexa.db
2026-10-08 16:34:13,166 | INFO     | modules.db | Database initialized at C:\Users\DELL\Downloads\VERIDEXA_3D_v2\VERIDEXA\veridexa.db
2026-10-08 16:34:36,988 | INFO     | modules.db | Database initialized at C:\Users\DELL\Downloads\VERIDEXA_3D_v2\VERIDEXA\veridexa.db
2026-10-08 16:34:37,238 | INFO     | modules.db | Database initialized at C:\Users\DELL\Downloads\VERIDEXA_3D_v2\VERIDEXA\veridexa.db
2026-10-08 16:35:26,373 | INFO     | modules.db | Database initialized at C:\Users\DELL\Downloads\VERIDEXA_3D_v2\VERIDEXA\veridexa.db
2026-10-08 16:35:26,720 | INFO     | modules.auth | New user signed up: sheetal_1234
2026-10-08 16:35:26,951 | INFO     | modules.db | Database initialized at C:\Users\DELL\Downloads\VERIDEXA_3D_v2\VERIDEXA\veridexa.db
2026-10-08 16:35:31,517 | INFO     | modules.db | Database initialized at C:\Users\DELL\Downloads\VERIDEXA_3D_v2\VERIDEXA\veridexa.db
2026-10-08 16:35:31,784 | INFO     | modules.db | Database initialized at C:\Users\DELL\Downloads\VERIDEXA_3D_v2\VERIDEXA\veridexa.db
2026-10-08 16:35:41,163 | INFO     | modules.db | Database initialized at C:\Users\DELL\Downloads\VERIDEXA_3D_v2\VERIDEXA\veridexa.db
2026-10-08 16:35:44,108 | INFO     | modules.db | Database initialized at C:\Users\DELL\Downloads\VERIDEXA_3D_v2\VERIDEXA\veridexa.db
2026-10-08 16:35:48,855 | INFO     | modules.data_loader | Loaded file Superstore-Sales-Time-Intelligence-Analysis-Country-Slicer-FIXED (1).xlsx: 9994 rows x 20 cols
2026-10-08 16:36:11,905 | INFO     | modules.db | Database initialized at C:\Users\DELL\Downloads\VERIDEXA_3D_v2\VERIDEXA\veridexa.db
2026-10-08 16:36:16,939 | INFO     | modules.db | Database initialized at C:\Users\DELL\Downloads\VERIDEXA_3D_v2\VERIDEXA\veridexa.db
2026-10-08 16:36:18,504 | INFO     | modules.db | Database initialized at C:\Users\DELL\Downloads\VERIDEXA_3D_v2\VERIDEXA\veridexa.db
2026-10-08 16:36:18,922 | INFO     | modules.db | Database initialized at C:\Users\DELL\Downloads\VERIDEXA_3D_v2\VERIDEXA\veridexa.db
2026-10-08 16:36:34,208 | INFO     | modules.db | Database initialized at C:\Users\DELL\Downloads\VERIDEXA_3D_v2\VERIDEXA\veridexa.db
2026-10-08 16:36:54,004 | INFO     | modules.db | Database initialized at C:\Users\DELL\Downloads\VERIDEXA_3D_v2\VERIDEXA\veridexa.db
2026-10-08 16:37:05,490 | INFO     | modules.db | Database initialized at C:\Users\DELL\Downloads\VERIDEXA_3D_v2\VERIDEXA\veridexa.db
2026-10-08 16:37:18,110 | INFO     | modules.db | Database initialized at C:\Users\DELL\Downloads\VERIDEXA_3D_v2\VERIDEXA\veridexa.db
2026-10-08 16:37:22,984 | INFO     | modules.db | Database initialized at C:\Users\DELL\Downloads\VERIDEXA_3D_v2\VERIDEXA\veridexa.db
2026-10-08 16:37:36,518 | INFO     | modules.db | Database initialized at C:\Users\DELL\Downloads\VERIDEXA_3D_v2\VERIDEXA\veridexa.db
2026-10-08 16:37:44,748 | INFO     | modules.db | Database initialized at C:\Users\DELL\Downloads\VERIDEXA_3D_v2\VERIDEXA\veridexa.db
2026-10-08 16:38:05,434 | INFO     | modules.db | Database initialized at C:\Users\DELL\Downloads\VERIDEXA_3D_v2\VERIDEXA\veridexa.db
2026-10-08 16:38:14,554 | INFO     | modules.db | Database initialized at C:\Users\DELL\Downloads\VERIDEXA_3D_v2\VERIDEXA\veridexa.db
2026-10-08 16:38:25,518 | INFO     | modules.db | Database initialized at C:\Users\DELL\Downloads\VERIDEXA_3D_v2\VERIDEXA\veridexa.db
2026-10-08 16:38:27,566 | INFO     | modules.db | Database initialized at C:\Users\DELL\Downloads\VERIDEXA_3D_v2\VERIDEXA\veridexa.db
2026-10-08 16:38:35,524 | INFO     | modules.db | Database initialized at C:\Users\DELL\Downloads\VERIDEXA_3D_v2\VERIDEXA\veridexa.db
2026-10-08 16:38:45,600 | INFO     | modules.db | Database initialized at C:\Users\DELL\Downloads\VERIDEXA_3D_v2\VERIDEXA\veridexa.db
2026-10-08 16:38:47,570 | INFO     | modules.db | Database initialized at C:\Users\DELL\Downloads\VERIDEXA_3D_v2\VERIDEXA\veridexa.db
2026-10-08 16:38:54,018 | INFO     | modules.db | Database initialized at C:\Users\DELL\Downloads\VERIDEXA_3D_v2\VERIDEXA\veridexa.db
2026-10-08 16:38:56,230 | INFO     | modules.db | Database initialized at C:\Users\DELL\Downloads\VERIDEXA_3D_v2\VERIDEXA\veridexa.db
2026-10-08 16:39:03,144 | INFO     | modules.db | Database initialized at C:\Users\DELL\Downloads\VERIDEXA_3D_v2\VERIDEXA\veridexa.db
2026-10-08 16:39:08,099 | INFO     | modules.db | Database initialized at C:\Users\DELL\Downloads\VERIDEXA_3D_v2\VERIDEXA\veridexa.db
2026-10-08 16:39:17,942 | INFO     | modules.db | Database initialized at C:\Users\DELL\Downloads\VERIDEXA_3D_v2\VERIDEXA\veridexa.db
2026-10-08 16:39:19,339 | INFO     | modules.db | Database initialized at C:\Users\DELL\Downloads\VERIDEXA_3D_v2\VERIDEXA\veridexa.db
2026-10-08 16:39:27,419 | INFO     | modules.db | Database initialized at C:\Users\DELL\Downloads\VERIDEXA_3D_v2\VERIDEXA\veridexa.db
2026-10-08 16:39:29,360 | INFO     | modules.db | Database initialized at C:\Users\DELL\Downloads\VERIDEXA_3D_v2\VERIDEXA\veridexa.db
2026-10-08 16:39:45,194 | INFO     | modules.db | Database initialized at C:\Users\DELL\Downloads\VERIDEXA_3D_v2\VERIDEXA\veridexa.db
2026-10-08 16:39:51,794 | INFO     | modules.db | Database initialized at C:\Users\DELL\Downloads\VERIDEXA_3D_v2\VERIDEXA\veridexa.db
2026-10-08 16:39:53,146 | INFO     | modules.db | Database initialized at C:\Users\DELL\Downloads\VERIDEXA_3D_v2\VERIDEXA\veridexa.db
2026-10-08 16:40:11,544 | INFO     | modules.db | Database initialized at C:\Users\DELL\Downloads\VERIDEXA_3D_v2\VERIDEXA\veridexa.db
2026-10-08 16:40:13,830 | INFO     | modules.db | Database initialized at C:\Users\DELL\Downloads\VERIDEXA_3D_v2\VERIDEXA\veridexa.db
2026-10-08 16:40:47,296 | INFO     | modules.db | Database initialized at C:\Users\DELL\Downloads\VERIDEXA_3D_v2\VERIDEXA\veridexa.db
2026-10-08 16:41:12,122 | INFO     | modules.db | Database initialized at C:\Users\DELL\Downloads\VERIDEXA_3D_v2\VERIDEXA\veridexa.db
2026-10-08 16:41:16,459 | INFO     | modules.db | Database initialized at C:\Users\DELL\Downloads\VERIDEXA_3D_v2\VERIDEXA\veridexa.db
2026-10-08 16:41:18,275 | INFO     | modules.db | Database initialized at C:\Users\DELL\Downloads\VERIDEXA_3D_v2\VERIDEXA\veridexa.db
2026-10-08 16:41:27,215 | INFO     | modules.db | Database initialized at C:\Users\DELL\Downloads\VERIDEXA_3D_v2\VERIDEXA\veridexa.db
2026-10-08 16:41:30,497 | INFO     | modules.db | Database initialized at C:\Users\DELL\Downloads\VERIDEXA_3D_v2\VERIDEXA\veridexa.db
2026-10-08 16:41:30,766 | INFO     | modules.db | Database initialized at C:\Users\DELL\Downloads\VERIDEXA_3D_v2\VERIDEXA\veridexa.db
2026-10-08 18:18:42,795 | INFO     | modules.db | Database initialized at C:\Users\DELL\Downloads\VERIDEXA_3D_v2\VERIDEXA\veridexa.db
2026-10-08 18:27:21,603 | INFO     | modules.db | Database initialized at C:\Users\DELL\OneDrive\VERIDEXA\VERIDEXA\veridexa.db
2026-10-08 18:27:43,393 | INFO     | modules.db | Database initialized at C:\Users\DELL\OneDrive\VERIDEXA\VERIDEXA\veridexa.db
2026-10-08 18:27:43,543 | INFO     | modules.db | Database initialized at C:\Users\DELL\OneDrive\VERIDEXA\VERIDEXA\veridexa.db
